# Tests for functionality of addNode method.

# Create a graph
created graph graph1
created graph graph2
created graph graph3

# Add nodes to graph
added node n1 to graph1

added node n1 to graph2
added node n2 to graph2

# Print the added nodes
graph1 contains: n1
graph2 contains: n1 n2
graph3 contains: